// Jest Snapshot v1, https://goo.gl/fbAQLP

exports[`Introspector large example database 1`] = `
"type Album {
  ArtistId: Artist!
  id: Int! @pgColumn(name: \\"AlbumId\\")
  Title: String!
  track: Track
}

type Artist {
  album: Album!
  id: Int! @pgColumn(name: \\"ArtistId\\")
  Name: String
}

type Customer {
  Address: String
  City: String
  Company: String
  Country: String
  Email: String!
  Fax: String
  FirstName: String!
  id: Int! @pgColumn(name: \\"CustomerId\\")
  invoice: Invoice!
  LastName: String!
  Phone: String
  PostalCode: String
  State: String
  SupportRepId: Employee
}

type Employee {
  Address: String
  BirthDate: DateTime
  City: String
  Country: String
  customer: Customer
  Email: String
  employee: Employee
  Fax: String
  FirstName: String!
  HireDate: DateTime
  id: Int! @pgColumn(name: \\"EmployeeId\\")
  LastName: String!
  Phone: String
  PostalCode: String
  ReportsTo: Employee
  State: String
  Title: String
}

type Genre {
  id: Int! @pgColumn(name: \\"GenreId\\")
  Name: String
  track: Track
}

type Invoice {
  BillingAddress: String
  BillingCity: String
  BillingCountry: String
  BillingPostalCode: String
  BillingState: String
  CustomerId: Customer!
  id: Int! @pgColumn(name: \\"InvoiceId\\")
  InvoiceDate: DateTime!
  invoiceLine: InvoiceLine!
  Total: Float!
}

type InvoiceLine {
  id: Int! @pgColumn(name: \\"InvoiceLineId\\")
  InvoiceId: Invoice!
  Quantity: Int!
  TrackId: Track!
  UnitPrice: Float!
}

type MediaType {
  id: Int! @pgColumn(name: \\"MediaTypeId\\")
  Name: String
  track: Track!
}

type Playlist {
  id: Int! @pgColumn(name: \\"PlaylistId\\")
  Name: String
  Track: [Track!]! @relation(name: \\"PlaylistTrack\\")
}

type Track {
  AlbumId: Album
  Bytes: Int
  Composer: String
  GenreId: Genre
  id: Int! @pgColumn(name: \\"TrackId\\")
  invoiceLine: InvoiceLine!
  MediaTypeId: MediaType!
  Milliseconds: Int!
  Name: String!
  Playlist: [Playlist!]! @relation(name: \\"PlaylistTrack\\")
  UnitPrice: Float!
}"
`;
